
> lynx@0.1.0 build
> next build

Ôû▓ Next.js 16.1.6 (Turbopack)
- Environments: .env

node.exe : ÔÜá The "middleware" file 
convention is deprecated. Please use 
"proxy" instead. Learn more: https://nextjs.
org/docs/messages/middleware-to-proxy
Au caractère Ligne:1 : 1
+ & "C:\Program Files\nodejs/node.exe" 
"C:\Program Files\nodejs/node_mo ...
+ ~~~~~~~~~~~~~~~~~~~~~~~~~~~~~~~~~~~~~~~~~~
~~~~~~~~~~~~~~~~~~~~~~~~~~~
    + CategoryInfo          : NotSpecified: 
    (ÔÜá The "middle...leware-to-proxy:Str  
  ing) [], RemoteException
    + FullyQualifiedErrorId : NativeCommand 
   Error
 
  Creating an optimized production build ...
Ô£ô Compiled successfully in 18.2s
  Running TypeScript ...
Failed to compile.

./src/app/(dashboard)/client/reports/page.ts
x:282:58
Type error: Cannot find name 'Download'. 
Did you mean 'onload'?

[0m [90m 280 |[39m                       
                                  
onClick[33m=[39m{(e) [33m=>[39m 
e[33m.[39mstopPropagation()}
 [90m 281 |[39m                           
                          [33m>[39m
[31m[1m>[22m[39m[90m 282 |[39m        
                                            
     [33m<[39m[33mDownload[39m 
className[33m=[39m[32m"w-3.5 h-3.5"[39m 
[33m/[39m[33m>[39m
 [90m     |[39m                           
                               
[31m[1m^[22m[39m
 [90m 283 |[39m                           
                          
[33m<[39m[33m/[39m[33ma[39m[33m>[39m
 [90m 284 |[39m                           
                      [33m<[39m[33m/[39m
[33mdiv[39m[33m>[39m
 [90m 285 |[39m                           
                  [33m<[39m[33m/[39m[33
mdiv[39m[33m>[39m[0m
Next.js build worker exited with code: 1 
and signal: null
